=== Training DQN on scenario: us_model_batch_flatidx_demand_charge ===
Observation space: Box(-inf, inf, (57,), float32)
Action space: Discrete(48) (48 discrete actions)
Action scheme: cfws-style
Number of DCs: 4
Max steps per episode: 8917
Gamma: 1.0
Demand charge: $15/kW per 8917-step billing period
Economic safety: backlog=$898,698.99/unit-step, expiry=$898,698.99/unit, reward_scale=0.0001
Using cpu device
Wrapping the env with a `Monitor` wrapper
Wrapping the env in a DummyVecEnv.

Training for 500000 timesteps...
-----------------------------------
| rollout/            |           |
|    ep_len_mean      | 8.92e+03  |
|    ep_rew_mean      | -1.62e+03 |
|    exploration_rate | 0.774     |
| time/               |           |
|    episodes         | 4         |
|    fps              | 245       |
|    time_elapsed     | 145       |
|    total_timesteps  | 35668     |
| train/              |           |
|    learning_rate    | 0.0001    |
|    loss             | 0.401     |
|    n_updates        | 8891      |
-----------------------------------
-----------------------------------
| rollout/            |           |
|    ep_len_mean      | 8.92e+03  |
|    ep_rew_mean      | -1.81e+03 |
|    exploration_rate | 0.548     |
| time/               |           |
|    episodes         | 8         |
|    fps              | 232       |
|    time_elapsed     | 306       |
|    total_timesteps  | 71336     |
| train/              |           |
|    learning_rate    | 0.0001    |
|    loss             | 0.475     |
|    n_updates        | 17808     |
-----------------------------------
-----------------------------------
| rollout/            |           |
|    ep_len_mean      | 8.92e+03  |
|    ep_rew_mean      | -1.94e+03 |
|    exploration_rate | 0.322     |
| time/               |           |
|    episodes         | 12        |
|    fps              | 230       |
|    time_elapsed     | 464       |
|    total_timesteps  | 107004    |
| train/              |           |
|    learning_rate    | 0.0001    |
|    loss             | 0.715     |
|    n_updates        | 26725     |
-----------------------------------
-----------------------------------
| rollout/            |           |
|    ep_len_mean      | 8.92e+03  |
|    ep_rew_mean      | -2.03e+03 |
|    exploration_rate | 0.0964    |
| time/               |           |
|    episodes         | 16        |
|    fps              | 231       |
|    time_elapsed     | 616       |
|    total_timesteps  | 142672    |
| train/              |           |
|    learning_rate    | 0.0001    |
|    loss             | 0.411     |
|    n_updates        | 35642     |
-----------------------------------
-----------------------------------
| rollout/            |           |
|    ep_len_mean      | 8.92e+03  |
|    ep_rew_mean      | -2.11e+03 |
|    exploration_rate | 0.05      |
| time/               |           |
|    episodes         | 20        |
|    fps              | 214       |
|    time_elapsed     | 831       |
|    total_timesteps  | 178340    |
| train/              |           |
|    learning_rate    | 0.0001    |
|    loss             | 0.318     |
|    n_updates        | 44559     |
-----------------------------------
-----------------------------------
| rollout/            |           |
|    ep_len_mean      | 8.92e+03  |
|    ep_rew_mean      | -2.18e+03 |
|    exploration_rate | 0.05      |
| time/               |           |
|    episodes         | 24        |
|    fps              | 211       |
|    time_elapsed     | 1012      |
|    total_timesteps  | 214008    |
| train/              |           |
|    learning_rate    | 0.0001    |
|    loss             | 1.57      |
|    n_updates        | 53476     |
-----------------------------------
-----------------------------------
| rollout/            |           |
|    ep_len_mean      | 8.92e+03  |
|    ep_rew_mean      | -2.23e+03 |
|    exploration_rate | 0.05      |
| time/               |           |
|    episodes         | 28        |
|    fps              | 210       |
|    time_elapsed     | 1186      |
|    total_timesteps  | 249676    |
| train/              |           |
|    learning_rate    | 0.0001    |
|    loss             | 0.335     |
|    n_updates        | 62393     |
-----------------------------------
-----------------------------------
| rollout/            |           |
|    ep_len_mean      | 8.92e+03  |
|    ep_rew_mean      | -2.29e+03 |
|    exploration_rate | 0.05      |
| time/               |           |
|    episodes         | 32        |
|    fps              | 209       |
|    time_elapsed     | 1358      |
|    total_timesteps  | 285344    |
| train/              |           |
|    learning_rate    | 0.0001    |
|    loss             | 0.279     |
|    n_updates        | 71310     |
-----------------------------------
-----------------------------------
| rollout/            |           |
|    ep_len_mean      | 8.92e+03  |
|    ep_rew_mean      | -2.36e+03 |
|    exploration_rate | 0.05      |
| time/               |           |
|    episodes         | 36        |
|    fps              | 211       |
|    time_elapsed     | 1517      |
|    total_timesteps  | 321012    |
| train/              |           |
|    learning_rate    | 0.0001    |
|    loss             | 0.538     |
|    n_updates        | 80227     |
-----------------------------------
-----------------------------------
| rollout/            |           |
|    ep_len_mean      | 8.92e+03  |
|    ep_rew_mean      | -2.37e+03 |
|    exploration_rate | 0.05      |
| time/               |           |
|    episodes         | 40        |
|    fps              | 212       |
|    time_elapsed     | 1677      |
|    total_timesteps  | 356680    |
| train/              |           |
|    learning_rate    | 0.0001    |
|    loss             | 0.7       |
|    n_updates        | 89144     |
-----------------------------------
-----------------------------------
| rollout/            |           |
|    ep_len_mean      | 8.92e+03  |
|    ep_rew_mean      | -2.39e+03 |
|    exploration_rate | 0.05      |
| time/               |           |
|    episodes         | 44        |
|    fps              | 213       |
|    time_elapsed     | 1836      |
|    total_timesteps  | 392348    |
| train/              |           |
|    learning_rate    | 0.0001    |
|    loss             | 1.17      |
|    n_updates        | 98061     |
-----------------------------------
-----------------------------------
| rollout/            |           |
|    ep_len_mean      | 8.92e+03  |
|    ep_rew_mean      | -2.43e+03 |
|    exploration_rate | 0.05      |
| time/               |           |
|    episodes         | 48        |
|    fps              | 213       |
|    time_elapsed     | 2002      |
|    total_timesteps  | 428016    |
| train/              |           |
|    learning_rate    | 0.0001    |
|    loss             | 1.23      |
|    n_updates        | 106978    |
-----------------------------------
-----------------------------------
| rollout/            |           |
|    ep_len_mean      | 8.92e+03  |
|    ep_rew_mean      | -2.42e+03 |
|    exploration_rate | 0.05      |
| time/               |           |
|    episodes         | 52        |
|    fps              | 219       |
|    time_elapsed     | 2111      |
|    total_timesteps  | 463684    |
| train/              |           |
|    learning_rate    | 0.0001    |
|    loss             | 1.29      |
|    n_updates        | 115895    |
-----------------------------------
-----------------------------------
| rollout/            |           |
|    ep_len_mean      | 8.92e+03  |
|    ep_rew_mean      | -2.43e+03 |
|    exploration_rate | 0.05      |
| time/               |           |
|    episodes         | 56        |
|    fps              | 223       |
|    time_elapsed     | 2238      |
|    total_timesteps  | 499352    |
| train/              |           |
|    learning_rate    | 0.0001    |
|    loss             | 1.47      |
|    n_updates        | 124812    |
-----------------------------------

Model saved to models\demand_charge\dqn_us_model_batch_flatidx_demand_charge
