=== Training DQN on scenario: us_model_batch_demand_charge ===
Observation space: Box(-inf, inf, (57,), float32)
Action space: Discrete(759) (759 discrete actions)
Action scheme: routing-grid
Number of DCs: 4
Max steps per episode: 8917
Gamma: 1.0
Demand charge: $15/kW per 8917-step billing period
Economic safety: backlog=$898,698.99/unit-step, expiry=$898,698.99/unit, reward_scale=0.0001
Using cpu device
Wrapping the env with a `Monitor` wrapper
Wrapping the env in a DummyVecEnv.

Training for 500000 timesteps...
-----------------------------------
| rollout/            |           |
|    ep_len_mean      | 8.92e+03  |
|    ep_rew_mean      | -1.59e+04 |
|    exploration_rate | 0.774     |
| time/               |           |
|    episodes         | 4         |
|    fps              | 189       |
|    time_elapsed     | 187       |
|    total_timesteps  | 35668     |
| train/              |           |
|    learning_rate    | 0.0001    |
|    loss             | 11.1      |
|    n_updates        | 8891      |
-----------------------------------
-----------------------------------
| rollout/            |           |
|    ep_len_mean      | 8.92e+03  |
|    ep_rew_mean      | -1.54e+04 |
|    exploration_rate | 0.548     |
| time/               |           |
|    episodes         | 8         |
|    fps              | 183       |
|    time_elapsed     | 389       |
|    total_timesteps  | 71336     |
| train/              |           |
|    learning_rate    | 0.0001    |
|    loss             | 21.4      |
|    n_updates        | 17808     |
-----------------------------------
-----------------------------------
| rollout/            |           |
|    ep_len_mean      | 8.92e+03  |
|    ep_rew_mean      | -1.54e+04 |
|    exploration_rate | 0.322     |
| time/               |           |
|    episodes         | 12        |
|    fps              | 183       |
|    time_elapsed     | 582       |
|    total_timesteps  | 107004    |
| train/              |           |
|    learning_rate    | 0.0001    |
|    loss             | 106       |
|    n_updates        | 26725     |
-----------------------------------
-----------------------------------
| rollout/            |           |
|    ep_len_mean      | 8.92e+03  |
|    ep_rew_mean      | -3.65e+04 |
|    exploration_rate | 0.0964    |
| time/               |           |
|    episodes         | 16        |
|    fps              | 168       |
|    time_elapsed     | 844       |
|    total_timesteps  | 142672    |
| train/              |           |
|    learning_rate    | 0.0001    |
|    loss             | 61.9      |
|    n_updates        | 35642     |
-----------------------------------
-----------------------------------
| rollout/            |           |
|    ep_len_mean      | 8.92e+03  |
|    ep_rew_mean      | -4.16e+04 |
|    exploration_rate | 0.05      |
| time/               |           |
|    episodes         | 20        |
|    fps              | 167       |
|    time_elapsed     | 1066      |
|    total_timesteps  | 178340    |
| train/              |           |
|    learning_rate    | 0.0001    |
|    loss             | 100       |
|    n_updates        | 44559     |
-----------------------------------
-----------------------------------
| rollout/            |           |
|    ep_len_mean      | 8.92e+03  |
|    ep_rew_mean      | -5.12e+04 |
|    exploration_rate | 0.05      |
| time/               |           |
|    episodes         | 24        |
|    fps              | 165       |
|    time_elapsed     | 1290      |
|    total_timesteps  | 214008    |
| train/              |           |
|    learning_rate    | 0.0001    |
|    loss             | 636       |
|    n_updates        | 53476     |
-----------------------------------
-----------------------------------
| rollout/            |           |
|    ep_len_mean      | 8.92e+03  |
|    ep_rew_mean      | -5.83e+04 |
|    exploration_rate | 0.05      |
| time/               |           |
|    episodes         | 28        |
|    fps              | 167       |
|    time_elapsed     | 1491      |
|    total_timesteps  | 249676    |
| train/              |           |
|    learning_rate    | 0.0001    |
|    loss             | 214       |
|    n_updates        | 62393     |
-----------------------------------
----------------------------------
| rollout/            |          |
|    ep_len_mean      | 8.92e+03 |
|    ep_rew_mean      | -6.2e+04 |
|    exploration_rate | 0.05     |
| time/               |          |
|    episodes         | 32       |
|    fps              | 168      |
|    time_elapsed     | 1693     |
|    total_timesteps  | 285344   |
| train/              |          |
|    learning_rate    | 0.0001   |
|    loss             | 387      |
|    n_updates        | 71310    |
----------------------------------
-----------------------------------
| rollout/            |           |
|    ep_len_mean      | 8.92e+03  |
|    ep_rew_mean      | -7.24e+04 |
|    exploration_rate | 0.05      |
| time/               |           |
|    episodes         | 36        |
|    fps              | 169       |
|    time_elapsed     | 1897      |
|    total_timesteps  | 321012    |
| train/              |           |
|    learning_rate    | 0.0001    |
|    loss             | 1.35e+03  |
|    n_updates        | 80227     |
-----------------------------------
----------------------------------
| rollout/            |          |
|    ep_len_mean      | 8.92e+03 |
|    ep_rew_mean      | -7e+04   |
|    exploration_rate | 0.05     |
| time/               |          |
|    episodes         | 40       |
|    fps              | 172      |
|    time_elapsed     | 2062     |
|    total_timesteps  | 356680   |
| train/              |          |
|    learning_rate    | 0.0001   |
|    loss             | 748      |
|    n_updates        | 89144    |
----------------------------------
-----------------------------------
| rollout/            |           |
|    ep_len_mean      | 8.92e+03  |
|    ep_rew_mean      | -7.26e+04 |
|    exploration_rate | 0.05      |
| time/               |           |
|    episodes         | 44        |
|    fps              | 176       |
|    time_elapsed     | 2217      |
|    total_timesteps  | 392348    |
| train/              |           |
|    learning_rate    | 0.0001    |
|    loss             | 1.02e+03  |
|    n_updates        | 98061     |
-----------------------------------
-----------------------------------
| rollout/            |           |
|    ep_len_mean      | 8.92e+03  |
|    ep_rew_mean      | -8.27e+04 |
|    exploration_rate | 0.05      |
| time/               |           |
|    episodes         | 48        |
|    fps              | 185       |
|    time_elapsed     | 2311      |
|    total_timesteps  | 428016    |
| train/              |           |
|    learning_rate    | 0.0001    |
|    loss             | 2.89e+03  |
|    n_updates        | 106978    |
-----------------------------------
-----------------------------------
| rollout/            |           |
|    ep_len_mean      | 8.92e+03  |
|    ep_rew_mean      | -8.38e+04 |
|    exploration_rate | 0.05      |
| time/               |           |
|    episodes         | 52        |
|    fps              | 193       |
|    time_elapsed     | 2392      |
|    total_timesteps  | 463684    |
| train/              |           |
|    learning_rate    | 0.0001    |
|    loss             | 1.96e+03  |
|    n_updates        | 115895    |
-----------------------------------
-----------------------------------
| rollout/            |           |
|    ep_len_mean      | 8.92e+03  |
|    ep_rew_mean      | -8.25e+04 |
|    exploration_rate | 0.05      |
| time/               |           |
|    episodes         | 56        |
|    fps              | 202       |
|    time_elapsed     | 2471      |
|    total_timesteps  | 499352    |
| train/              |           |
|    learning_rate    | 0.0001    |
|    loss             | 2.75e+03  |
|    n_updates        | 124812    |
-----------------------------------

Model saved to models\demand_charge\dqn_us_model_batch_demand_charge
