=== Training DQN on scenario: us_model_batch_flatidx_demand_charge ===
Observation space: Box(-inf, inf, (57,), float32)
Action space: Discrete(48) (48 discrete actions)
Action scheme: cfws-style
Number of DCs: 4
Max steps per episode: 8917
Gamma: 1.0
Demand charge: $15/kW per 8917-step billing period
Economic safety: backlog=$898,698.99/unit-step, expiry=$898,698.99/unit, reward_scale=0.0001
Using cpu device
Wrapping the env with a `Monitor` wrapper
Wrapping the env in a DummyVecEnv.

Training for 500000 timesteps...
----------------------------------
| rollout/            |          |
|    ep_len_mean      | 8.92e+03 |
|    ep_rew_mean      | -1.7e+03 |
|    exploration_rate | 0.774    |
| time/               |          |
|    episodes         | 4        |
|    fps              | 130      |
|    time_elapsed     | 274      |
|    total_timesteps  | 35668    |
| train/              |          |
|    learning_rate    | 0.0001   |
|    loss             | 0.000357 |
|    n_updates        | 8891     |
----------------------------------
-----------------------------------
| rollout/            |           |
|    ep_len_mean      | 8.92e+03  |
|    ep_rew_mean      | -1.63e+03 |
|    exploration_rate | 0.548     |
| time/               |           |
|    episodes         | 8         |
|    fps              | 139       |
|    time_elapsed     | 509       |
|    total_timesteps  | 71336     |
| train/              |           |
|    learning_rate    | 0.0001    |
|    loss             | 0.0982    |
|    n_updates        | 17808     |
-----------------------------------
-----------------------------------
| rollout/            |           |
|    ep_len_mean      | 8.92e+03  |
|    ep_rew_mean      | -1.66e+03 |
|    exploration_rate | 0.322     |
| time/               |           |
|    episodes         | 12        |
|    fps              | 143       |
|    time_elapsed     | 744       |
|    total_timesteps  | 107004    |
| train/              |           |
|    learning_rate    | 0.0001    |
|    loss             | 0.00404   |
|    n_updates        | 26725     |
-----------------------------------
-----------------------------------
| rollout/            |           |
|    ep_len_mean      | 8.92e+03  |
|    ep_rew_mean      | -1.66e+03 |
|    exploration_rate | 0.0964    |
| time/               |           |
|    episodes         | 16        |
|    fps              | 145       |
|    time_elapsed     | 977       |
|    total_timesteps  | 142672    |
| train/              |           |
|    learning_rate    | 0.0001    |
|    loss             | 0.00253   |
|    n_updates        | 35642     |
-----------------------------------
-----------------------------------
| rollout/            |           |
|    ep_len_mean      | 8.92e+03  |
|    ep_rew_mean      | -1.65e+03 |
|    exploration_rate | 0.05      |
| time/               |           |
|    episodes         | 20        |
|    fps              | 153       |
|    time_elapsed     | 1163      |
|    total_timesteps  | 178340    |
| train/              |           |
|    learning_rate    | 0.0001    |
|    loss             | 0.0317    |
|    n_updates        | 44559     |
-----------------------------------
-----------------------------------
| rollout/            |           |
|    ep_len_mean      | 8.92e+03  |
|    ep_rew_mean      | -1.64e+03 |
|    exploration_rate | 0.05      |
| time/               |           |
|    episodes         | 24        |
|    fps              | 157       |
|    time_elapsed     | 1356      |
|    total_timesteps  | 214008    |
| train/              |           |
|    learning_rate    | 0.0001    |
|    loss             | 0.00159   |
|    n_updates        | 53476     |
-----------------------------------
-----------------------------------
| rollout/            |           |
|    ep_len_mean      | 8.92e+03  |
|    ep_rew_mean      | -1.63e+03 |
|    exploration_rate | 0.05      |
| time/               |           |
|    episodes         | 28        |
|    fps              | 162       |
|    time_elapsed     | 1539      |
|    total_timesteps  | 249676    |
| train/              |           |
|    learning_rate    | 0.0001    |
|    loss             | 0.0101    |
|    n_updates        | 62393     |
-----------------------------------
-----------------------------------
| rollout/            |           |
|    ep_len_mean      | 8.92e+03  |
|    ep_rew_mean      | -1.64e+03 |
|    exploration_rate | 0.05      |
| time/               |           |
|    episodes         | 32        |
|    fps              | 160       |
|    time_elapsed     | 1781      |
|    total_timesteps  | 285344    |
| train/              |           |
|    learning_rate    | 0.0001    |
|    loss             | 0.00279   |
|    n_updates        | 71310     |
-----------------------------------
-----------------------------------
| rollout/            |           |
|    ep_len_mean      | 8.92e+03  |
|    ep_rew_mean      | -1.63e+03 |
|    exploration_rate | 0.05      |
| time/               |           |
|    episodes         | 36        |
|    fps              | 163       |
|    time_elapsed     | 1966      |
|    total_timesteps  | 321012    |
| train/              |           |
|    learning_rate    | 0.0001    |
|    loss             | 0.00254   |
|    n_updates        | 80227     |
-----------------------------------
-----------------------------------
| rollout/            |           |
|    ep_len_mean      | 8.92e+03  |
|    ep_rew_mean      | -1.64e+03 |
|    exploration_rate | 0.05      |
| time/               |           |
|    episodes         | 40        |
|    fps              | 166       |
|    time_elapsed     | 2142      |
|    total_timesteps  | 356680    |
| train/              |           |
|    learning_rate    | 0.0001    |
|    loss             | 0.00266   |
|    n_updates        | 89144     |
-----------------------------------
-----------------------------------
| rollout/            |           |
|    ep_len_mean      | 8.92e+03  |
|    ep_rew_mean      | -1.64e+03 |
|    exploration_rate | 0.05      |
| time/               |           |
|    episodes         | 44        |
|    fps              | 171       |
|    time_elapsed     | 2282      |
|    total_timesteps  | 392348    |
| train/              |           |
|    learning_rate    | 0.0001    |
|    loss             | 0.00375   |
|    n_updates        | 98061     |
-----------------------------------
-----------------------------------
| rollout/            |           |
|    ep_len_mean      | 8.92e+03  |
|    ep_rew_mean      | -1.63e+03 |
|    exploration_rate | 0.05      |
| time/               |           |
|    episodes         | 48        |
|    fps              | 178       |
|    time_elapsed     | 2402      |
|    total_timesteps  | 428016    |
| train/              |           |
|    learning_rate    | 0.0001    |
|    loss             | 0.00429   |
|    n_updates        | 106978    |
-----------------------------------
-----------------------------------
| rollout/            |           |
|    ep_len_mean      | 8.92e+03  |
|    ep_rew_mean      | -1.64e+03 |
|    exploration_rate | 0.05      |
| time/               |           |
|    episodes         | 52        |
|    fps              | 184       |
|    time_elapsed     | 2508      |
|    total_timesteps  | 463684    |
| train/              |           |
|    learning_rate    | 0.0001    |
|    loss             | 0.0329    |
|    n_updates        | 115895    |
-----------------------------------
-----------------------------------
| rollout/            |           |
|    ep_len_mean      | 8.92e+03  |
|    ep_rew_mean      | -1.63e+03 |
|    exploration_rate | 0.05      |
| time/               |           |
|    episodes         | 56        |
|    fps              | 190       |
|    time_elapsed     | 2620      |
|    total_timesteps  | 499352    |
| train/              |           |
|    learning_rate    | 0.0001    |
|    loss             | 0.00248   |
|    n_updates        | 124812    |
-----------------------------------

Model saved to models\demand_charge\dqn_us_model_batch_flatidx_demand_charge
