=== Training DQN on scenario: global_model_batch_flatidx_demand_charge ===
Observation space: Box(-inf, inf, (57,), float32)
Action space: Discrete(48) (48 discrete actions)
Action scheme: cfws-style
Number of DCs: 4
Max steps per episode: 8917
Gamma: 1.0
Demand charge: $15/kW per 8917-step billing period
Economic safety: backlog=$899,211.96/unit-step, expiry=$899,211.96/unit, reward_scale=0.0001
Using cpu device
Wrapping the env with a `Monitor` wrapper
Wrapping the env in a DummyVecEnv.

Training for 500000 timesteps...
-----------------------------------
| rollout/            |           |
|    ep_len_mean      | 8.92e+03  |
|    ep_rew_mean      | -2.02e+03 |
|    exploration_rate | 0.774     |
| time/               |           |
|    episodes         | 4         |
|    fps              | 129       |
|    time_elapsed     | 274       |
|    total_timesteps  | 35668     |
| train/              |           |
|    learning_rate    | 0.0001    |
|    loss             | 0.000405  |
|    n_updates        | 8891      |
-----------------------------------
----------------------------------
| rollout/            |          |
|    ep_len_mean      | 8.92e+03 |
|    ep_rew_mean      | -2e+03   |
|    exploration_rate | 0.548    |
| time/               |          |
|    episodes         | 8        |
|    fps              | 139      |
|    time_elapsed     | 510      |
|    total_timesteps  | 71336    |
| train/              |          |
|    learning_rate    | 0.0001   |
|    loss             | 0.00255  |
|    n_updates        | 17808    |
----------------------------------
-----------------------------------
| rollout/            |           |
|    ep_len_mean      | 8.92e+03  |
|    ep_rew_mean      | -2.02e+03 |
|    exploration_rate | 0.322     |
| time/               |           |
|    episodes         | 12        |
|    fps              | 143       |
|    time_elapsed     | 745       |
|    total_timesteps  | 107004    |
| train/              |           |
|    learning_rate    | 0.0001    |
|    loss             | 0.0074    |
|    n_updates        | 26725     |
-----------------------------------
-----------------------------------
| rollout/            |           |
|    ep_len_mean      | 8.92e+03  |
|    ep_rew_mean      | -2.02e+03 |
|    exploration_rate | 0.0964    |
| time/               |           |
|    episodes         | 16        |
|    fps              | 145       |
|    time_elapsed     | 978       |
|    total_timesteps  | 142672    |
| train/              |           |
|    learning_rate    | 0.0001    |
|    loss             | 0.00246   |
|    n_updates        | 35642     |
-----------------------------------
-----------------------------------
| rollout/            |           |
|    ep_len_mean      | 8.92e+03  |
|    ep_rew_mean      | -2.01e+03 |
|    exploration_rate | 0.05      |
| time/               |           |
|    episodes         | 20        |
|    fps              | 153       |
|    time_elapsed     | 1165      |
|    total_timesteps  | 178340    |
| train/              |           |
|    learning_rate    | 0.0001    |
|    loss             | 0.00301   |
|    n_updates        | 44559     |
-----------------------------------
-----------------------------------
| rollout/            |           |
|    ep_len_mean      | 8.92e+03  |
|    ep_rew_mean      | -2.04e+03 |
|    exploration_rate | 0.05      |
| time/               |           |
|    episodes         | 24        |
|    fps              | 157       |
|    time_elapsed     | 1358      |
|    total_timesteps  | 214008    |
| train/              |           |
|    learning_rate    | 0.0001    |
|    loss             | 0.00555   |
|    n_updates        | 53476     |
-----------------------------------
-----------------------------------
| rollout/            |           |
|    ep_len_mean      | 8.92e+03  |
|    ep_rew_mean      | -2.04e+03 |
|    exploration_rate | 0.05      |
| time/               |           |
|    episodes         | 28        |
|    fps              | 161       |
|    time_elapsed     | 1543      |
|    total_timesteps  | 249676    |
| train/              |           |
|    learning_rate    | 0.0001    |
|    loss             | 0.00299   |
|    n_updates        | 62393     |
-----------------------------------
-----------------------------------
| rollout/            |           |
|    ep_len_mean      | 8.92e+03  |
|    ep_rew_mean      | -2.03e+03 |
|    exploration_rate | 0.05      |
| time/               |           |
|    episodes         | 32        |
|    fps              | 160       |
|    time_elapsed     | 1782      |
|    total_timesteps  | 285344    |
| train/              |           |
|    learning_rate    | 0.0001    |
|    loss             | 0.00667   |
|    n_updates        | 71310     |
-----------------------------------
-----------------------------------
| rollout/            |           |
|    ep_len_mean      | 8.92e+03  |
|    ep_rew_mean      | -2.04e+03 |
|    exploration_rate | 0.05      |
| time/               |           |
|    episodes         | 36        |
|    fps              | 163       |
|    time_elapsed     | 1967      |
|    total_timesteps  | 321012    |
| train/              |           |
|    learning_rate    | 0.0001    |
|    loss             | 0.0149    |
|    n_updates        | 80227     |
-----------------------------------
-----------------------------------
| rollout/            |           |
|    ep_len_mean      | 8.92e+03  |
|    ep_rew_mean      | -2.04e+03 |
|    exploration_rate | 0.05      |
| time/               |           |
|    episodes         | 40        |
|    fps              | 166       |
|    time_elapsed     | 2144      |
|    total_timesteps  | 356680    |
| train/              |           |
|    learning_rate    | 0.0001    |
|    loss             | 0.00476   |
|    n_updates        | 89144     |
-----------------------------------
-----------------------------------
| rollout/            |           |
|    ep_len_mean      | 8.92e+03  |
|    ep_rew_mean      | -2.04e+03 |
|    exploration_rate | 0.05      |
| time/               |           |
|    episodes         | 44        |
|    fps              | 171       |
|    time_elapsed     | 2284      |
|    total_timesteps  | 392348    |
| train/              |           |
|    learning_rate    | 0.0001    |
|    loss             | 0.0513    |
|    n_updates        | 98061     |
-----------------------------------
-----------------------------------
| rollout/            |           |
|    ep_len_mean      | 8.92e+03  |
|    ep_rew_mean      | -2.04e+03 |
|    exploration_rate | 0.05      |
| time/               |           |
|    episodes         | 48        |
|    fps              | 178       |
|    time_elapsed     | 2404      |
|    total_timesteps  | 428016    |
| train/              |           |
|    learning_rate    | 0.0001    |
|    loss             | 0.00631   |
|    n_updates        | 106978    |
-----------------------------------
-----------------------------------
| rollout/            |           |
|    ep_len_mean      | 8.92e+03  |
|    ep_rew_mean      | -2.04e+03 |
|    exploration_rate | 0.05      |
| time/               |           |
|    episodes         | 52        |
|    fps              | 184       |
|    time_elapsed     | 2510      |
|    total_timesteps  | 463684    |
| train/              |           |
|    learning_rate    | 0.0001    |
|    loss             | 0.0105    |
|    n_updates        | 115895    |
-----------------------------------
-----------------------------------
| rollout/            |           |
|    ep_len_mean      | 8.92e+03  |
|    ep_rew_mean      | -2.04e+03 |
|    exploration_rate | 0.05      |
| time/               |           |
|    episodes         | 56        |
|    fps              | 190       |
|    time_elapsed     | 2623      |
|    total_timesteps  | 499352    |
| train/              |           |
|    learning_rate    | 0.0001    |
|    loss             | 0.0162    |
|    n_updates        | 124812    |
-----------------------------------

Model saved to models\demand_charge\dqn_global_model_batch_flatidx_demand_charge
