commit=aab5e6e
binary_root=models/ramp_rl_v6/recovered_v4r (restored local gitignored artifacts)

[core.autocrlf=false]
checkout_status=clean
eol data/cells/cell_c_tiers.csv: i/lf w/lf attr/-text
eol output/ramp_rl_v6/recovered_v4r/recovery_source_manifest.json: i/lf w/lf attr/text eol=lf
eol output/ramp_rl_v6/recovered_v4r_resealed_v2/canonical_evidence.json: i/lf w/lf attr/text eol=lf
hash_contract=dc-energy-provenance-sha256-v2
canonical_evidence=output/ramp_rl_v6/recovered_v4r_resealed_v2/canonical_evidence.json
canonical_evidence_sha256=f642bd5868abdd9f7cda2a6fffb228250f3570fd0c6d440085da68c976892d9b
recovery_commit=d1d4828c32bada1ba1e852d0479c37bb71164561
recovery_commit_ancestor=true
source_commit=46329fe765f596f84eeac71f061dcbd191a90583
sealed_test_open_count=1
numerical_summaries_exact=true
local_binary_and_internal_hashes_verified=true
training_or_evaluation_executed=false
status=PASS

[core.autocrlf=true]
checkout_status=clean
eol data/cells/cell_c_tiers.csv: i/lf w/lf attr/-text
eol output/ramp_rl_v6/recovered_v4r/recovery_source_manifest.json: i/lf w/lf attr/text eol=lf
eol output/ramp_rl_v6/recovered_v4r_resealed_v2/canonical_evidence.json: i/lf w/lf attr/text eol=lf
hash_contract=dc-energy-provenance-sha256-v2
canonical_evidence=output/ramp_rl_v6/recovered_v4r_resealed_v2/canonical_evidence.json
canonical_evidence_sha256=f642bd5868abdd9f7cda2a6fffb228250f3570fd0c6d440085da68c976892d9b
recovery_commit=d1d4828c32bada1ba1e852d0479c37bb71164561
recovery_commit_ancestor=true
source_commit=46329fe765f596f84eeac71f061dcbd191a90583
sealed_test_open_count=1
numerical_summaries_exact=true
local_binary_and_internal_hashes_verified=true
training_or_evaluation_executed=false
status=PASS
