# dqn_global_batch_flatidx_burst
# cmd: C:\Projects\thesis\.venv\Scripts\python.exe train_dqn.py --scenario env/scenarios/global_model.yaml --timesteps 500000 --peak-penalty-weight 0.015 --batch-mode --burst-aware --memory --action-scheme cfws-style
# started: Thu May 28 12:53:22 2026

=== Training DQN on scenario: global_model_batch_flatidx_burst ===
Observation space: Box(-inf, inf, (47,), float32)
Action space: Discrete(48) (48 discrete actions)
Action scheme: cfws-style
Number of DCs: 4
Max steps per episode: 8917
Using cpu device
Wrapping the env with a `Monitor` wrapper
Wrapping the env in a DummyVecEnv.

Training for 500000 timesteps...
----------------------------------
| rollout/            |          |
|    ep_len_mean      | 8.92e+03 |
|    ep_rew_mean      | -1.4e+07 |
|    exploration_rate | 0.774    |
| time/               |          |
|    episodes         | 4        |
|    fps              | 461      |
|    time_elapsed     | 77       |
|    total_timesteps  | 35668    |
| train/              |          |
|    learning_rate    | 0.0001   |
|    loss             | 1.2e+03  |
|    n_updates        | 8891     |
----------------------------------
----------------------------------
| rollout/            |          |
|    ep_len_mean      | 8.92e+03 |
|    ep_rew_mean      | -1.4e+07 |
|    exploration_rate | 0.548    |
| time/               |          |
|    episodes         | 8        |
|    fps              | 462      |
|    time_elapsed     | 154      |
|    total_timesteps  | 71336    |
| train/              |          |
|    learning_rate    | 0.0001   |
|    loss             | 941      |
|    n_updates        | 17808    |
----------------------------------
----------------------------------
| rollout/            |          |
|    ep_len_mean      | 8.92e+03 |
|    ep_rew_mean      | -1.4e+07 |
|    exploration_rate | 0.322    |
| time/               |          |
|    episodes         | 12       |
|    fps              | 466      |
|    time_elapsed     | 229      |
|    total_timesteps  | 107004   |
| train/              |          |
|    learning_rate    | 0.0001   |
|    loss             | 1.13e+03 |
|    n_updates        | 26725    |
----------------------------------
-----------------------------------
| rollout/            |           |
|    ep_len_mean      | 8.92e+03  |
|    ep_rew_mean      | -1.39e+07 |
|    exploration_rate | 0.0964    |
| time/               |           |
|    episodes         | 16        |
|    fps              | 464       |
|    time_elapsed     | 307       |
|    total_timesteps  | 142672    |
| train/              |           |
|    learning_rate    | 0.0001    |
|    loss             | 753       |
|    n_updates        | 35642     |
-----------------------------------
-----------------------------------
| rollout/            |           |
|    ep_len_mean      | 8.92e+03  |
|    ep_rew_mean      | -1.39e+07 |
|    exploration_rate | 0.05      |
| time/               |           |
|    episodes         | 20        |
|    fps              | 461       |
|    time_elapsed     | 386       |
|    total_timesteps  | 178340    |
| train/              |           |
|    learning_rate    | 0.0001    |
|    loss             | 747       |
|    n_updates        | 44559     |
-----------------------------------
----------------------------------
| rollout/            |          |
|    ep_len_mean      | 8.92e+03 |
|    ep_rew_mean      | -1.4e+07 |
|    exploration_rate | 0.05     |
| time/               |          |
|    episodes         | 24       |
|    fps              | 459      |
|    time_elapsed     | 466      |
|    total_timesteps  | 214008   |
| train/              |          |
|    learning_rate    | 0.0001   |
|    loss             | 767      |
|    n_updates        | 53476    |
----------------------------------
----------------------------------
| rollout/            |          |
|    ep_len_mean      | 8.92e+03 |
|    ep_rew_mean      | -1.4e+07 |
|    exploration_rate | 0.05     |
| time/               |          |
|    episodes         | 28       |
|    fps              | 455      |
|    time_elapsed     | 548      |
|    total_timesteps  | 249676   |
| train/              |          |
|    learning_rate    | 0.0001   |
|    loss             | 725      |
|    n_updates        | 62393    |
----------------------------------
----------------------------------
| rollout/            |          |
|    ep_len_mean      | 8.92e+03 |
|    ep_rew_mean      | -1.4e+07 |
|    exploration_rate | 0.05     |
| time/               |          |
|    episodes         | 32       |
|    fps              | 454      |
|    time_elapsed     | 628      |
|    total_timesteps  | 285344   |
| train/              |          |
|    learning_rate    | 0.0001   |
|    loss             | 792      |
|    n_updates        | 71310    |
----------------------------------
----------------------------------
| rollout/            |          |
|    ep_len_mean      | 8.92e+03 |
|    ep_rew_mean      | -1.4e+07 |
|    exploration_rate | 0.05     |
| time/               |          |
|    episodes         | 36       |
|    fps              | 453      |
|    time_elapsed     | 708      |
|    total_timesteps  | 321012   |
| train/              |          |
|    learning_rate    | 0.0001   |
|    loss             | 871      |
|    n_updates        | 80227    |
----------------------------------
----------------------------------
| rollout/            |          |
|    ep_len_mean      | 8.92e+03 |
|    ep_rew_mean      | -1.4e+07 |
|    exploration_rate | 0.05     |
| time/               |          |
|    episodes         | 40       |
|    fps              | 451      |
|    time_elapsed     | 790      |
|    total_timesteps  | 356680   |
| train/              |          |
|    learning_rate    | 0.0001   |
|    loss             | 807      |
|    n_updates        | 89144    |
----------------------------------
----------------------------------
| rollout/            |          |
|    ep_len_mean      | 8.92e+03 |
|    ep_rew_mean      | -1.4e+07 |
|    exploration_rate | 0.05     |
| time/               |          |
|    episodes         | 44       |
|    fps              | 450      |
|    time_elapsed     | 871      |
|    total_timesteps  | 392348   |
| train/              |          |
|    learning_rate    | 0.0001   |
|    loss             | 810      |
|    n_updates        | 98061    |
----------------------------------
----------------------------------
| rollout/            |          |
|    ep_len_mean      | 8.92e+03 |
|    ep_rew_mean      | -1.4e+07 |
|    exploration_rate | 0.05     |
| time/               |          |
|    episodes         | 48       |
|    fps              | 450      |
|    time_elapsed     | 950      |
|    total_timesteps  | 428016   |
| train/              |          |
|    learning_rate    | 0.0001   |
|    loss             | 624      |
|    n_updates        | 106978   |
----------------------------------
----------------------------------
| rollout/            |          |
|    ep_len_mean      | 8.92e+03 |
|    ep_rew_mean      | -1.4e+07 |
|    exploration_rate | 0.05     |
| time/               |          |
|    episodes         | 52       |
|    fps              | 449      |
|    time_elapsed     | 1031     |
|    total_timesteps  | 463684   |
| train/              |          |
|    learning_rate    | 0.0001   |
|    loss             | 752      |
|    n_updates        | 115895   |
----------------------------------
----------------------------------
| rollout/            |          |
|    ep_len_mean      | 8.92e+03 |
|    ep_rew_mean      | -1.4e+07 |
|    exploration_rate | 0.05     |
| time/               |          |
|    episodes         | 56       |
|    fps              | 449      |
|    time_elapsed     | 1112     |
|    total_timesteps  | 499352   |
| train/              |          |
|    learning_rate    | 0.0001   |
|    loss             | 691      |
|    n_updates        | 124812   |
----------------------------------

Model saved to models\dqn_global_model_batch_flatidx_burst
