# dqn_us_batch_flatidx_burst
# cmd: C:\Projects\thesis\.venv\Scripts\python.exe train_dqn.py --scenario env/scenarios/us_model.yaml --timesteps 500000 --peak-penalty-weight 0.015 --batch-mode --burst-aware --memory --action-scheme cfws-style
# started: Thu May 28 12:35:52 2026

=== Training DQN on scenario: us_model_batch_flatidx_burst ===
Observation space: Box(-inf, inf, (47,), float32)
Action space: Discrete(48) (48 discrete actions)
Action scheme: cfws-style
Number of DCs: 4
Max steps per episode: 8917
Using cpu device
Wrapping the env with a `Monitor` wrapper
Wrapping the env in a DummyVecEnv.

Training for 500000 timesteps...
-----------------------------------
| rollout/            |           |
|    ep_len_mean      | 8.92e+03  |
|    ep_rew_mean      | -9.65e+06 |
|    exploration_rate | 0.774     |
| time/               |           |
|    episodes         | 4         |
|    fps              | 455       |
|    time_elapsed     | 78        |
|    total_timesteps  | 35668     |
| train/              |           |
|    learning_rate    | 0.0001    |
|    loss             | 804       |
|    n_updates        | 8891      |
-----------------------------------
-----------------------------------
| rollout/            |           |
|    ep_len_mean      | 8.92e+03  |
|    ep_rew_mean      | -9.64e+06 |
|    exploration_rate | 0.548     |
| time/               |           |
|    episodes         | 8         |
|    fps              | 473       |
|    time_elapsed     | 150       |
|    total_timesteps  | 71336     |
| train/              |           |
|    learning_rate    | 0.0001    |
|    loss             | 676       |
|    n_updates        | 17808     |
-----------------------------------
-----------------------------------
| rollout/            |           |
|    ep_len_mean      | 8.92e+03  |
|    ep_rew_mean      | -9.64e+06 |
|    exploration_rate | 0.322     |
| time/               |           |
|    episodes         | 12        |
|    fps              | 476       |
|    time_elapsed     | 224       |
|    total_timesteps  | 107004    |
| train/              |           |
|    learning_rate    | 0.0001    |
|    loss             | 785       |
|    n_updates        | 26725     |
-----------------------------------
-----------------------------------
| rollout/            |           |
|    ep_len_mean      | 8.92e+03  |
|    ep_rew_mean      | -9.64e+06 |
|    exploration_rate | 0.0964    |
| time/               |           |
|    episodes         | 16        |
|    fps              | 476       |
|    time_elapsed     | 299       |
|    total_timesteps  | 142672    |
| train/              |           |
|    learning_rate    | 0.0001    |
|    loss             | 616       |
|    n_updates        | 35642     |
-----------------------------------
-----------------------------------
| rollout/            |           |
|    ep_len_mean      | 8.92e+03  |
|    ep_rew_mean      | -9.65e+06 |
|    exploration_rate | 0.05      |
| time/               |           |
|    episodes         | 20        |
|    fps              | 474       |
|    time_elapsed     | 375       |
|    total_timesteps  | 178340    |
| train/              |           |
|    learning_rate    | 0.0001    |
|    loss             | 549       |
|    n_updates        | 44559     |
-----------------------------------
-----------------------------------
| rollout/            |           |
|    ep_len_mean      | 8.92e+03  |
|    ep_rew_mean      | -9.67e+06 |
|    exploration_rate | 0.05      |
| time/               |           |
|    episodes         | 24        |
|    fps              | 474       |
|    time_elapsed     | 450       |
|    total_timesteps  | 214008    |
| train/              |           |
|    learning_rate    | 0.0001    |
|    loss             | 726       |
|    n_updates        | 53476     |
-----------------------------------
-----------------------------------
| rollout/            |           |
|    ep_len_mean      | 8.92e+03  |
|    ep_rew_mean      | -9.68e+06 |
|    exploration_rate | 0.05      |
| time/               |           |
|    episodes         | 28        |
|    fps              | 481       |
|    time_elapsed     | 518       |
|    total_timesteps  | 249676    |
| train/              |           |
|    learning_rate    | 0.0001    |
|    loss             | 692       |
|    n_updates        | 62393     |
-----------------------------------
-----------------------------------
| rollout/            |           |
|    ep_len_mean      | 8.92e+03  |
|    ep_rew_mean      | -9.68e+06 |
|    exploration_rate | 0.05      |
| time/               |           |
|    episodes         | 32        |
|    fps              | 503       |
|    time_elapsed     | 566       |
|    total_timesteps  | 285344    |
| train/              |           |
|    learning_rate    | 0.0001    |
|    loss             | 732       |
|    n_updates        | 71310     |
-----------------------------------
-----------------------------------
| rollout/            |           |
|    ep_len_mean      | 8.92e+03  |
|    ep_rew_mean      | -9.69e+06 |
|    exploration_rate | 0.05      |
| time/               |           |
|    episodes         | 36        |
|    fps              | 498       |
|    time_elapsed     | 644       |
|    total_timesteps  | 321012    |
| train/              |           |
|    learning_rate    | 0.0001    |
|    loss             | 647       |
|    n_updates        | 80227     |
-----------------------------------
-----------------------------------
| rollout/            |           |
|    ep_len_mean      | 8.92e+03  |
|    ep_rew_mean      | -9.69e+06 |
|    exploration_rate | 0.05      |
| time/               |           |
|    episodes         | 40        |
|    fps              | 494       |
|    time_elapsed     | 720       |
|    total_timesteps  | 356680    |
| train/              |           |
|    learning_rate    | 0.0001    |
|    loss             | 613       |
|    n_updates        | 89144     |
-----------------------------------
-----------------------------------
| rollout/            |           |
|    ep_len_mean      | 8.92e+03  |
|    ep_rew_mean      | -9.69e+06 |
|    exploration_rate | 0.05      |
| time/               |           |
|    episodes         | 44        |
|    fps              | 491       |
|    time_elapsed     | 797       |
|    total_timesteps  | 392348    |
| train/              |           |
|    learning_rate    | 0.0001    |
|    loss             | 729       |
|    n_updates        | 98061     |
-----------------------------------
-----------------------------------
| rollout/            |           |
|    ep_len_mean      | 8.92e+03  |
|    ep_rew_mean      | -9.69e+06 |
|    exploration_rate | 0.05      |
| time/               |           |
|    episodes         | 48        |
|    fps              | 488       |
|    time_elapsed     | 875       |
|    total_timesteps  | 428016    |
| train/              |           |
|    learning_rate    | 0.0001    |
|    loss             | 525       |
|    n_updates        | 106978    |
-----------------------------------
-----------------------------------
| rollout/            |           |
|    ep_len_mean      | 8.92e+03  |
|    ep_rew_mean      | -9.69e+06 |
|    exploration_rate | 0.05      |
| time/               |           |
|    episodes         | 52        |
|    fps              | 484       |
|    time_elapsed     | 956       |
|    total_timesteps  | 463684    |
| train/              |           |
|    learning_rate    | 0.0001    |
|    loss             | 582       |
|    n_updates        | 115895    |
-----------------------------------
-----------------------------------
| rollout/            |           |
|    ep_len_mean      | 8.92e+03  |
|    ep_rew_mean      | -9.69e+06 |
|    exploration_rate | 0.05      |
| time/               |           |
|    episodes         | 56        |
|    fps              | 480       |
|    time_elapsed     | 1038      |
|    total_timesteps  | 499352    |
| train/              |           |
|    learning_rate    | 0.0001    |
|    loss             | 685       |
|    n_updates        | 124812    |
-----------------------------------

Model saved to models\dqn_us_model_batch_flatidx_burst
